SQL> select * from customers;

      CNUM CNAME      CITY           RATING       SNUM                          
---------- ---------- ---------- ---------- ----------                          
      2001 Hoffman    London            100       1001                          
      2002 Giovanni   Rome              200       1003                          
      2003 Liu        San Jose          200       1002                          
      2004 Grass      Berlin            300       1002                          
      2006 Clemens    London            100       1001                          
      2008 Cisneros   San Jose          300       1007                          
      2007 Pereira    Rome              100       1004                          

7 rows selected.

SQL> select * form orders;
select * form orders
         *
ERROR at line 1:
ORA-00923: FROM keyword not found where expected 


SQL> select * from orders;

      ONUM        AMT ODATE           CNUM       SNUM                           
---------- ---------- --------- ---------- ----------                           
      3001      18.69 03-OCT-90       2008       1007                           
      3003     767.19 03-OCT-90       2001       1001                           
      3002     1900.1 03-OCT-90       2007       1004                           
      3005    5160.45 03-OCT-90       2003       1002                           
      3006    1098.16 03-OCT-90       2008       1007                           
      3009    1713.23 04-OCT-90       2002       1003                           
      3007      75.75 04-OCT-90       2004       1002                           
      3008       4723 05-OCT-90       2006       1001                           
      3010    1309.95 06-OCT-90       2004       1002                           
      3011    9891.88 06-OCT-90       2006       1001                           

10 rows selected.

SQL> select * from salespeople;'
  2  ;
ERROR:
ORA-01756: quoted string not properly terminated 


SQL> select * from salespeople;

      SNUM SNAME      CITY             COMM                                     
---------- ---------- ---------- ----------                                     
      1001 Peel       London            .12                                     
      1002 Serres     San Jose          .13                                     
      1004 Motika     London            .11                                     
      1007 Rifkin     Barcelona         .15                                     
      1003 Axelrod    New York           .1                                     

SQL> select * from orders;

      ONUM        AMT ODATE           CNUM       SNUM                           
---------- ---------- --------- ---------- ----------                           
      3001      18.69 03-OCT-90       2008       1007                           
      3003     767.19 03-OCT-90       2001       1001                           
      3002     1900.1 03-OCT-90       2007       1004                           
      3005    5160.45 03-OCT-90       2003       1002                           
      3006    1098.16 03-OCT-90       2008       1007                           
      3009    1713.23 04-OCT-90       2002       1003                           
      3007      75.75 04-OCT-90       2004       1002                           
      3008       4723 05-OCT-90       2006       1001                           
      3010    1309.95 06-OCT-90       2004       1002                           
      3011    9891.88 06-OCT-90       2006       1001                           

10 rows selected.

SQL> select * from salespeople;'
  2  ;
ERROR:
ORA-01756: quoted string not properly terminated 


SQL> clear screen;

SQL> desc dual;
 Name                                      Null?    Type
 ----------------------------------------- -------- ----------------------------
 DUMMY                                              VARCHAR2(1)

SQL> select * from dual;

D                                                                               
-                                                                               
X                                                                               

SQL> clear screen

SQL> select * from orders;

      ONUM        AMT ODATE           CNUM       SNUM                           
---------- ---------- --------- ---------- ----------                           
      3001      18.69 03-OCT-90       2008       1007                           
      3003     767.19 03-OCT-90       2001       1001                           
      3002     1900.1 03-OCT-90       2007       1004                           
      3005    5160.45 03-OCT-90       2003       1002                           
      3006    1098.16 03-OCT-90       2008       1007                           
      3009    1713.23 04-OCT-90       2002       1003                           
      3007      75.75 04-OCT-90       2004       1002                           
      3008       4723 05-OCT-90       2006       1001                           
      3010    1309.95 06-OCT-90       2004       1002                           
      3011    9891.88 06-OCT-90       2006       1001                           

10 rows selected.

SQL> select * from customers;

      CNUM CNAME      CITY           RATING       SNUM                          
---------- ---------- ---------- ---------- ----------                          
      2001 Hoffman    London            100       1001                          
      2002 Giovanni   Rome              200       1003                          
      2003 Liu        San Jose          200       1002                          
      2004 Grass      Berlin            300       1002                          
      2006 Clemens    London            100       1001                          
      2008 Cisneros   San Jose          300       1007                          
      2007 Pereira    Rome              100       1004                          

7 rows selected.

SQL> select * from salespeople;

      SNUM SNAME      CITY             COMM                                     
---------- ---------- ---------- ----------                                     
      1001 Peel       London            .12                                     
      1002 Serres     San Jose          .13                                     
      1004 Motika     London            .11                                     
      1007 Rifkin     Barcelona         .15                                     
      1003 Axelrod    New York           .1                                     

SQL> select snum from salespeople where sname='Serres';

      SNUM                                                                      
----------                                                                      
      1002                                                                      

SQL> select rating from customers where snum =(select snum from salespeople where sname='Serres');

    RATING                                                                      
----------                                                                      
       200                                                                      
       300                                                                      

SQL> select cnum,cname from customers where rating >= ANY (select rating from customers where snum =(select snum from salespeople where sname='Serres'));

      CNUM CNAME                                                                
---------- ----------                                                           
      2004 Grass                                                                
      2008 Cisneros                                                             
      2003 Liu                                                                  
      2002 Giovanni                                                             

SQL> select snum,city from salespeople;

      SNUM CITY                                                                 
---------- ----------                                                           
      1001 London                                                               
      1002 San Jose                                                             
      1004 London                                                               
      1007 Barcelona                                                            
      1003 New York                                                             

SQL> select cnum,cname from customers where snum,city NOT IN(select snum,city from salespeople);
select cnum,cname from customers where snum,city NOT IN(select snum,city from salespeople)
                                           *
ERROR at line 1:
ORA-00920: invalid relational operator 


SQL> select * from customers;

      CNUM CNAME      CITY           RATING       SNUM                          
---------- ---------- ---------- ---------- ----------                          
      2001 Hoffman    London            100       1001                          
      2002 Giovanni   Rome              200       1003                          
      2003 Liu        San Jose          200       1002                          
      2004 Grass      Berlin            300       1002                          
      2006 Clemens    London            100       1001                          
      2008 Cisneros   San Jose          300       1007                          
      2007 Pereira    Rome              100       1004                          

7 rows selected.

SQL> select * from orders;

      ONUM        AMT ODATE           CNUM       SNUM                           
---------- ---------- --------- ---------- ----------                           
      3001      18.69 03-OCT-90       2008       1007                           
      3003     767.19 03-OCT-90       2001       1001                           
      3002     1900.1 03-OCT-90       2007       1004                           
      3005    5160.45 03-OCT-90       2003       1002                           
      3006    1098.16 03-OCT-90       2008       1007                           
      3009    1713.23 04-OCT-90       2002       1003                           
      3007      75.75 04-OCT-90       2004       1002                           
      3008       4723 05-OCT-90       2006       1001                           
      3010    1309.95 06-OCT-90       2004       1002                           
      3011    9891.88 06-OCT-90       2006       1001                           

10 rows selected.

SQL> select * from salespeople;

      SNUM SNAME      CITY             COMM                                     
---------- ---------- ---------- ----------                                     
      1001 Peel       London            .12                                     
      1002 Serres     San Jose          .13                                     
      1004 Motika     London            .11                                     
      1007 Rifkin     Barcelona         .15                                     
      1003 Axelrod    New York           .1                                     

SQL> select sname,snum from salespeople where snum  in (select snum from customers where customers.snum<>salespeople.snum);

no rows selected

SQL> select sname,snum from salespeople where snum  in (select snum from customers where customers.city<>salespeople.city);

SNAME            SNUM                                                           
---------- ----------                                                           
Axelrod          1003                                                           
Serres           1002                                                           
Rifkin           1007                                                           
Motika           1004                                                           

SQL> select sname,snum from salespeople where snum not in (select snum from customers where customers.city=salespeople.city);

SNAME            SNUM                                                           
---------- ----------                                                           
Motika           1004                                                           
Rifkin           1007                                                           
Axelrod          1003                                                           

SQL> select sname,snum from salespeople where snum NOT ALL (select snum from customers where customers.city=salespeople.city);
select sname,snum from salespeople where snum NOT ALL (select snum from customers where customers.city=salespeople.city)
                                                  *
ERROR at line 1:
ORA-00920: invalid relational operator 


SQL> select sname,snum from salespeople where snum <> ANY (select snum from customers where customers.city=salespeople.city);

SNAME            SNUM                                                           
---------- ----------                                                           
Motika           1004                                                           
Serres           1002                                                           

SQL> select sname,snum from salespeople where snum <> ALL (select snum from customers where customers.city=salespeople.city);

SNAME            SNUM                                                           
---------- ----------                                                           
Motika           1004                                                           
Rifkin           1007                                                           
Axelrod          1003                                                           

SQL> select * from orders;

      ONUM        AMT ODATE           CNUM       SNUM                           
---------- ---------- --------- ---------- ----------                           
      3001      18.69 03-OCT-90       2008       1007                           
      3003     767.19 03-OCT-90       2001       1001                           
      3002     1900.1 03-OCT-90       2007       1004                           
      3005    5160.45 03-OCT-90       2003       1002                           
      3006    1098.16 03-OCT-90       2008       1007                           
      3009    1713.23 04-OCT-90       2002       1003                           
      3007      75.75 04-OCT-90       2004       1002                           
      3008       4723 05-OCT-90       2006       1001                           
      3010    1309.95 06-OCT-90       2004       1002                           
      3011    9891.88 06-OCT-90       2006       1001                           

10 rows selected.

SQL> select * from customers;

      CNUM CNAME      CITY           RATING       SNUM                          
---------- ---------- ---------- ---------- ----------                          
      2001 Hoffman    London            100       1001                          
      2002 Giovanni   Rome              200       1003                          
      2003 Liu        San Jose          200       1002                          
      2004 Grass      Berlin            300       1002                          
      2006 Clemens    London            100       1001                          
      2008 Cisneros   San Jose          300       1007                          
      2007 Pereira    Rome              100       1004                          

7 rows selected.

SQL> select * from salespeople;

      SNUM SNAME      CITY             COMM                                     
---------- ---------- ---------- ----------                                     
      1001 Peel       London            .12                                     
      1002 Serres     San Jose          .13                                     
      1004 Motika     London            .11                                     
      1007 Rifkin     Barcelona         .15                                     
      1003 Axelrod    New York           .1                                     

SQL> select cum from custoemrs where city='London';
select cum from custoemrs where city='London'
                *
ERROR at line 1:
ORA-00942: table or view does not exist 


SQL> select cum from customers where city='London';
select cum from customers where city='London'
       *
ERROR at line 1:
ORA-00904: "CUM": invalid identifier 


SQL> select cnum from customers where city='London';

      CNUM                                                                      
----------                                                                      
      2001                                                                      
      2006                                                                      

SQL> select * from orders;

      ONUM        AMT ODATE           CNUM       SNUM                           
---------- ---------- --------- ---------- ----------                           
      3001      18.69 03-OCT-90       2008       1007                           
      3003     767.19 03-OCT-90       2001       1001                           
      3002     1900.1 03-OCT-90       2007       1004                           
      3005    5160.45 03-OCT-90       2003       1002                           
      3006    1098.16 03-OCT-90       2008       1007                           
      3009    1713.23 04-OCT-90       2002       1003                           
      3007      75.75 04-OCT-90       2004       1002                           
      3008       4723 05-OCT-90       2006       1001                           
      3010    1309.95 06-OCT-90       2004       1002                           
      3011    9891.88 06-OCT-90       2006       1001                           

10 rows selected.

SQL> select * from customers;

      CNUM CNAME      CITY           RATING       SNUM                          
---------- ---------- ---------- ---------- ----------                          
      2001 Hoffman    London            100       1001                          
      2002 Giovanni   Rome              200       1003                          
      2003 Liu        San Jose          200       1002                          
      2004 Grass      Berlin            300       1002                          
      2006 Clemens    London            100       1001                          
      2008 Cisneros   San Jose          300       1007                          
      2007 Pereira    Rome              100       1004                          

7 rows selected.

SQL> select * from salespeople;

      SNUM SNAME      CITY             COMM                                     
---------- ---------- ---------- ----------                                     
      1001 Peel       London            .12                                     
      1002 Serres     San Jose          .13                                     
      1004 Motika     London            .11                                     
      1007 Rifkin     Barcelona         .15                                     
      1003 Axelrod    New York           .1                                     

SQL> select onum from orders where amt> ANY(select amt from orders where cnum IN (select cnum from customers where city='London'));

      ONUM                                                                      
----------                                                                      
      3011                                                                      
      3005                                                                      
      3008                                                                      
      3002                                                                      
      3009                                                                      
      3010                                                                      
      3006                                                                      

7 rows selected.

SQL> select onum from orders where amt> (select MIN(amt) from orders where cnum IN (select cnum from customers where city='London'));

      ONUM                                                                      
----------                                                                      
      3002                                                                      
      3005                                                                      
      3006                                                                      
      3009                                                                      
      3008                                                                      
      3010                                                                      
      3011                                                                      

7 rows selected.

SQL> spool off
